invalid service:getplanbystatusinvalid service:getplanbystatus at 07.16.16
invalid service:getplanbystatus at 2016-07-16 16:16:22
invalid service:getplanbystatus at 2016-07-16 16:18:19
invalid service:getplanbystatus at 2016-07-16 16:21:55
invalid service:getplanbystatus at 2016-07-16 16:23:56
invalid service:getplanbystatus at 2016-07-17 07:55:52
invalid service:getplanbystatus at 2016-07-17 07:56:10